  
  <html>
    <head>
      <title>System Information</title>
      <h2>root Tue 06 Oct 2020 04:46:32 PM EDT</h2>
    </head>

    <body>
      <h2>Basic Info</h2>
<h3>Operating System:</h3>
LSB Version:	core-11.1.0ubuntu2-noarch:security-11.1.0ubuntu2-noarch
Distributor ID:	Pop
Description:	Pop!_OS 20.04 LTS
Release:	20.04
Codename:	focal
<h3>Kernel:</h3>
5.4.0-7642-generic
<h3>Archetecture:</h3>
x86_64
      <br>
      <h2>Free Memory</h2>
              total        used        free      shared  buff/cache   available
Mem:          3.8Gi       1.9Gi       682Mi        16Mi       1.2Gi       1.6Gi
Swap:         4.0Gi       156Mi       3.8Gi
      <br>
      <h2>Disc Information></h2>
NAME          MAJ:MIN RM   SIZE RO TYPE  MOUNTPOINT
loop0           7:0    0  97.1M  1 loop  /snap/core/9993
loop1           7:1    0 146.5M  1 loop  /snap/code/46
sda             8:0    0    20G  0 disk  
├─sda1          8:1    0    16G  0 part  /
└─sda2          8:2    0     4G  0 part  
  └─cryptswap 253:0    0     4G  0 crypt [SWAP]
sdb             8:16   0    20G  0 disk  
└─sdb1          8:17   0    20G  0 part  /data
sr0            11:0    1   2.1G  0 rom   /media/chrisnicholas/Pop_OS 20.04 amd64
      <br>
      <h2>Group</h2>
root
      <br>
      <h2>IP</h2>
192.168.1.156
127.0.0.1
      <br>
      <h2>System Uptime</h2>
 16:46:32 up 13:13,  1 user,  load average: 0.08, 0.04, 0.05
      <br>
      <h2>Home Directory Space</h2>
Bytes Directory
365060	/home/chrisnicholas
24	/home/charlie
24	/home/alice
20	/home/bob
    </body>
  </html>
